2026-08-21T22:17:45.3859848Z ELEVATED=True IDENTITY=DESKTOP-JNS08PU\Usuario
2026-08-21T22:17:45.3945012Z CLEANUP_SERVICES_BEGIN
2026-08-21T22:17:45.4023219Z CLEANUP_SERVICES_PASS
2026-08-21T22:17:45.4039259Z CLEANUP_FIREWALL_BEGIN
2026-08-21T22:17:46.5873830Z CLEANUP_FIREWALL_PASS
2026-08-21T22:17:46.5990620Z SAFE_REMOVE_BEGIN=C:\Program Files\BarrosTech\Sistema Imunologico
2026-08-21T22:17:46.9427856Z SAFE_REMOVE_PASS=C:\Program Files\BarrosTech\Sistema Imunologico
2026-08-21T22:17:46.9442846Z SAFE_REMOVE_BEGIN=C:\ProgramData\BarrosTech\Sistema Imunologico
2026-08-21T22:17:53.2622359Z SAFE_REMOVE_PASS=C:\ProgramData\BarrosTech\Sistema Imunologico
2026-08-21T22:17:53.2719924Z START=INSTALL ARGS=/silent /target=none
2026-08-21T22:18:22.6516156Z END=INSTALL EXIT_CODE=0
2026-08-21T22:18:28.3092051Z SELFTEST[INSTALL]=INSTALLER_SELF_TEST=PASS
2026-08-21T22:18:28.3102910Z SELFTEST[INSTALL]=CORE_RELEASE=v1.1.1
2026-08-21T22:18:28.3108296Z SELFTEST[INSTALL]=CORE_COMMIT=d4750b24336d9b88663473d2db32a796e419e46f
2026-08-21T22:18:28.3120063Z SELFTEST[INSTALL]=ROOT_ATTESTED=True
2026-08-21T22:18:28.3125322Z SELFTEST[INSTALL]=SECURE_BOOT=True
2026-08-21T22:18:28.3130829Z SELFTEST[INSTALL]=TPM_PRESENT=True
2026-08-21T22:18:28.3150918Z SELFTEST[INSTALL]=TPM_READY=True
2026-08-21T22:18:28.3160919Z SELFTEST[INSTALL]=SERVICE_COUNT=8
2026-08-21T22:18:28.3160919Z SELFTEST[INSTALL]=MODE=CONTAINED_READ_ONLY
2026-08-21T22:18:28.3170916Z SELFTEST[INSTALL]=PROTECTED_SYSTEMS=0
2026-08-21T22:18:32.7689132Z START=REPAIR ARGS=/silent /repair
2026-08-21T22:19:33.3753236Z END=REPAIR EXIT_CODE=0
2026-08-21T22:19:38.6576430Z SELFTEST[REPAIR]=INSTALLER_SELF_TEST=PASS
2026-08-21T22:19:38.6586413Z SELFTEST[REPAIR]=CORE_RELEASE=v1.1.1
2026-08-21T22:19:38.6596388Z SELFTEST[REPAIR]=CORE_COMMIT=d4750b24336d9b88663473d2db32a796e419e46f
2026-08-21T22:19:38.6596388Z SELFTEST[REPAIR]=ROOT_ATTESTED=True
2026-08-21T22:19:38.6611453Z SELFTEST[REPAIR]=SECURE_BOOT=True
2026-08-21T22:19:38.6611453Z SELFTEST[REPAIR]=TPM_PRESENT=True
2026-08-21T22:19:38.6627652Z SELFTEST[REPAIR]=TPM_READY=True
2026-08-21T22:19:38.6637725Z SELFTEST[REPAIR]=SERVICE_COUNT=8
2026-08-21T22:19:38.6637725Z SELFTEST[REPAIR]=MODE=CONTAINED_READ_ONLY
2026-08-21T22:19:38.6647746Z SELFTEST[REPAIR]=PROTECTED_SYSTEMS=0
2026-08-21T22:19:43.0422959Z START=UNINSTALL_PRESERVE_DATA ARGS=/silent /uninstall
2026-08-21T22:20:11.3334783Z END=UNINSTALL_PRESERVE_DATA EXIT_CODE=0
2026-08-21T22:20:17.7174941Z START=REINSTALL_FINAL ARGS=/silent /target=none
2026-08-21T22:20:46.9917139Z END=REINSTALL_FINAL EXIT_CODE=0
2026-08-21T22:20:52.3456173Z SELFTEST[REINSTALL_FINAL]=INSTALLER_SELF_TEST=PASS
2026-08-21T22:20:52.3486453Z SELFTEST[REINSTALL_FINAL]=CORE_RELEASE=v1.1.1
2026-08-21T22:20:52.3496453Z SELFTEST[REINSTALL_FINAL]=CORE_COMMIT=d4750b24336d9b88663473d2db32a796e419e46f
2026-08-21T22:20:52.3496453Z SELFTEST[REINSTALL_FINAL]=ROOT_ATTESTED=True
2026-08-21T22:20:52.3506452Z SELFTEST[REINSTALL_FINAL]=SECURE_BOOT=True
2026-08-21T22:20:52.3516446Z SELFTEST[REINSTALL_FINAL]=TPM_PRESENT=True
2026-08-21T22:20:52.3526448Z SELFTEST[REINSTALL_FINAL]=TPM_READY=True
2026-08-21T22:20:52.3526448Z SELFTEST[REINSTALL_FINAL]=SERVICE_COUNT=8
2026-08-21T22:20:52.3536524Z SELFTEST[REINSTALL_FINAL]=MODE=CONTAINED_READ_ONLY
2026-08-21T22:20:52.3536524Z SELFTEST[REINSTALL_FINAL]=PROTECTED_SYSTEMS=0
2026-08-21T22:20:56.6365447Z HOST_INSTALL_PROOF=PASS
